V ==K ( ( ( int , ( int , .Exps ) ) pair ) , .Exps ) list
