V ==K ( ( ( int , ( ( ( int , .Exps ) wrapper ) , .Exps ) ) pair ) , ( ( ( int , ( int , .Exps ) ) pair ) , .Exps ) ) pair
