V ==K [ Pair ( 10 , 9 , .Names ) , Pair ( 0 , 1 , .Names ) , Pair ( 0 , 0 , .Names ) , .Names ]
