V ==K closure ( .Map , ( Triple ( x , ( y , ( z , .GeneratedListBottom ) ) ) -> y ) | .Cases )
