V ==K ( x ~> #freezer_,__FUN-UNTYPED-COMMON1_ ( .GeneratedListBottom ) ~> #freezer_,__FUN-UNTYPED-COMMON0_ ( 2 ) ~> #freezerassignTo0_ ( x , ( y , .GeneratedListBottom ) ) ~> y ~> setEnv ( x |-> 1 ) ~> setEnv ( .Map ) )
