  Solution ==K ( L:Term |-> ( cons ( V0 , ( nil , .Vals ) ) ) )
#Or
  Solution ==K ( L:Term |-> ( cons ( V1 , ( cons ( V1 , ( nil , .Vals ) ) , .Vals ) ) ) )
#Or
  Solution ==K ( L:Term |-> ( cons ( V2 , ( cons ( V3 , ( cons ( V2 , ( nil , .Vals ) ) , .Vals ) ) , .Vals ) ) ) )
#Or
  Solution ==K ( L:Term |-> ( cons ( V4 , ( cons ( V5 , ( cons ( V5 , ( cons ( V4 , ( nil , .Vals ) ) , .Vals ) ) , .Vals ) ) , .Vals ) ) ) )
#Or
  Solution ==K ( L:Term |-> nil )
