V ==K [ Thursday , ( Saturday , ( Thursday , .GeneratedListBottom ) ) ]
