V ==K ( Tree ( Tree ( Tree ( Leaf ( 5 , .GeneratedListBottom ) , ( Leaf ( 4 , .GeneratedListBottom ) , .GeneratedListBottom ) ) , ( Leaf ( 3 , .GeneratedListBottom ) , .GeneratedListBottom ) ) , ( Tree ( Leaf ( 2 , .GeneratedListBottom ) , ( Leaf ( 1 , .GeneratedListBottom ) , .GeneratedListBottom ) ) , .GeneratedListBottom ) ) )
