V ==K [ Pair ( 10 , ( 9 , .GeneratedListBottom ) ) , ( Pair ( 0 , ( 1 , .GeneratedListBottom ) ) , ( Pair ( 0 , ( 0 , .GeneratedListBottom ) ) , .GeneratedListBottom ) ) ] #And
_0 ==K <env> .Map </env> #And
_1 ==K <store> 1 |-> closure ( complex |-> 2 length |-> 1 map |-> 3 , ( [ .GeneratedListBottom ] -> 0 ) | ( ( [ h , .GeneratedListBottom | t ] -> ( 1 + length t ) ) | .Cases ) ) 2 |-> closure ( complex |-> 2 length |-> 1 map |-> 3 , ( Triple ( [ Pair ( h1 , ( h2 , .GeneratedListBottom ) ) , .GeneratedListBottom | t ] , ( l , ( [ Pair ( a , ( 2 , .GeneratedListBottom ) ) , ( Pair ( 3 , ( b , .GeneratedListBottom ) ) , ( c , .GeneratedListBottom ) ) ] , .GeneratedListBottom ) ) ) -> ( Pair ( ( h2 + length t + b ) , ( a , .GeneratedListBottom ) ) ) ) | ( ( Triple ( [ .GeneratedListBottom ] , ( [ .GeneratedListBottom ] , ( [ Pair ( 7 , ( 2 , .GeneratedListBottom ) ) , ( x , ( c , .GeneratedListBottom ) ) ] , .GeneratedListBottom ) ) ) -> x ) | ( ( default -> ( Pair ( 0 , ( 0 , .GeneratedListBottom ) ) ) ) | .Cases ) ) ) 3 |-> closure ( complex |-> 2 length |-> 1 map |-> 3 , ( f -> fun ( ( [ .GeneratedListBottom ] -> [ .GeneratedListBottom ] ) | ( ( [ h , .GeneratedListBottom | t ] -> ( cons ( f h ) ( map f t ) ) ) | .Cases ) ) ) | .Cases ) 4 |-> closure ( complex |-> 2 length |-> 1 map |-> 3 , ( Triple ( [ Pair ( h1 , ( h2 , .GeneratedListBottom ) ) , .GeneratedListBottom | t ] , ( l , ( [ Pair ( a , ( 2 , .GeneratedListBottom ) ) , ( Pair ( 3 , ( b , .GeneratedListBottom ) ) , ( c , .GeneratedListBottom ) ) ] , .GeneratedListBottom ) ) ) -> ( Pair ( ( h2 + length t + b ) , ( a , .GeneratedListBottom ) ) ) ) | ( ( Triple ( [ .GeneratedListBottom ] , ( [ .GeneratedListBottom ] , ( [ Pair ( 7 , ( 2 , .GeneratedListBottom ) ) , ( x , ( c , .GeneratedListBottom ) ) ] , .GeneratedListBottom ) ) ) -> x ) | ( ( default -> ( Pair ( 0 , ( 0 , .GeneratedListBottom ) ) ) ) | .Cases ) ) ) 5 |-> ( Triple ( [ Pair ( 8 , ( 7 , .GeneratedListBottom ) ) , .GeneratedListBottom ] , ( [ .GeneratedListBottom ] , ( [ Pair ( 9 , ( 2 , .GeneratedListBottom ) ) , ( Pair ( 3 , ( 3 , .GeneratedListBottom ) ) , ( Pair ( 2 , ( 2 , .GeneratedListBottom ) ) , .GeneratedListBottom ) ) ] , .GeneratedListBottom ) ) ) ) 6 |-> [ Triple ( [ .GeneratedListBottom ] , ( [ .GeneratedListBottom ] , ( [ Pair ( 7 , ( 2 , .GeneratedListBottom ) ) , ( Pair ( 0 , ( 1 , .GeneratedListBottom ) ) , ( Pair ( -1 , ( -1 , .GeneratedListBottom ) ) , .GeneratedListBottom ) ) ] , .GeneratedListBottom ) ) ) , ( Triple ( [ .GeneratedListBottom ] , ( [ .GeneratedListBottom ] , ( [ .GeneratedListBottom ] , .GeneratedListBottom ) ) ) , .GeneratedListBottom ) ] 7 |-> closure ( complex |-> 2 length |-> 1 map |-> 3 , ( Triple ( [ Pair ( h1 , ( h2 , .GeneratedListBottom ) ) , .GeneratedListBottom | t ] , ( l , ( [ Pair ( a , ( 2 , .GeneratedListBottom ) ) , ( Pair ( 3 , ( b , .GeneratedListBottom ) ) , ( c , .GeneratedListBottom ) ) ] , .GeneratedListBottom ) ) ) -> ( Pair ( ( h2 + length t + b ) , ( a , .GeneratedListBottom ) ) ) ) | ( ( Triple ( [ .GeneratedListBottom ] , ( [ .GeneratedListBottom ] , ( [ Pair ( 7 , ( 2 , .GeneratedListBottom ) ) , ( x , ( c , .GeneratedListBottom ) ) ] , .GeneratedListBottom ) ) ) -> x ) | ( ( default -> ( Pair ( 0 , ( 0 , .GeneratedListBottom ) ) ) ) | .Cases ) ) ) 8 |-> ( Triple ( [ .GeneratedListBottom ] , ( [ .GeneratedListBottom ] , ( [ Pair ( 7 , ( 2 , .GeneratedListBottom ) ) , ( Pair ( 0 , ( 1 , .GeneratedListBottom ) ) , ( Pair ( -1 , ( -1 , .GeneratedListBottom ) ) , .GeneratedListBottom ) ) ] , .GeneratedListBottom ) ) ) ) 9 |-> [ Triple ( [ .GeneratedListBottom ] , ( [ .GeneratedListBottom ] , ( [ .GeneratedListBottom ] , .GeneratedListBottom ) ) ) , .GeneratedListBottom ] 10 |-> closure ( complex |-> 2 length |-> 1 map |-> 3 , ( Triple ( [ Pair ( h1 , ( h2 , .GeneratedListBottom ) ) , .GeneratedListBottom | t ] , ( l , ( [ Pair ( a , ( 2 , .GeneratedListBottom ) ) , ( Pair ( 3 , ( b , .GeneratedListBottom ) ) , ( c , .GeneratedListBottom ) ) ] , .GeneratedListBottom ) ) ) -> ( Pair ( ( h2 + length t + b ) , ( a , .GeneratedListBottom ) ) ) ) | ( ( Triple ( [ .GeneratedListBottom ] , ( [ .GeneratedListBottom ] , ( [ Pair ( 7 , ( 2 , .GeneratedListBottom ) ) , ( x , ( c , .GeneratedListBottom ) ) ] , .GeneratedListBottom ) ) ) -> x ) | ( ( default -> ( Pair ( 0 , ( 0 , .GeneratedListBottom ) ) ) ) | .Cases ) ) ) 11 |-> ( Triple ( [ .GeneratedListBottom ] , ( [ .GeneratedListBottom ] , ( [ .GeneratedListBottom ] , .GeneratedListBottom ) ) ) ) 12 |-> [ .GeneratedListBottom ] 13 |-> closure ( complex |-> 2 length |-> 1 map |-> 3 , ( Triple ( [ Pair ( h1 , ( h2 , .GeneratedListBottom ) ) , .GeneratedListBottom | t ] , ( l , ( [ Pair ( a , ( 2 , .GeneratedListBottom ) ) , ( Pair ( 3 , ( b , .GeneratedListBottom ) ) , ( c , .GeneratedListBottom ) ) ] , .GeneratedListBottom ) ) ) -> ( Pair ( ( h2 + length t + b ) , ( a , .GeneratedListBottom ) ) ) ) | ( ( Triple ( [ .GeneratedListBottom ] , ( [ .GeneratedListBottom ] , ( [ Pair ( 7 , ( 2 , .GeneratedListBottom ) ) , ( x , ( c , .GeneratedListBottom ) ) ] , .GeneratedListBottom ) ) ) -> x ) | ( ( default -> ( Pair ( 0 , ( 0 , .GeneratedListBottom ) ) ) ) | .Cases ) ) ) 14 |-> ( Triple ( [ .GeneratedListBottom ] , ( [ .GeneratedListBottom ] , ( [ .GeneratedListBottom ] , .GeneratedListBottom ) ) ) ) 15 |-> ( Pair ( 0 , ( 1 , .GeneratedListBottom ) ) ) 16 |-> ( Pair ( -1 , ( -1 , .GeneratedListBottom ) ) ) 17 |-> 3 18 |-> 9 19 |-> 8 20 |-> 7 21 |-> [ .GeneratedListBottom ] 22 |-> [ .GeneratedListBottom ] 23 |-> ( Pair ( 2 , ( 2 , .GeneratedListBottom ) ) ) </store>
