V ==K fun ( ( x -> ( ( fun ( ( [ y , .GeneratedListBottom ] -> y ) | .Cases ) ) [ x , .GeneratedListBottom ] ) ) | .Cases )
