V ==K fun ( ( Triple ( x , ( y , ( z , .GeneratedListBottom ) ) ) -> y ) | .Cases )
