V ==K ( Pair ( Pair ( 1 , ( Wrapper ( 2 , .GeneratedListBottom ) , .GeneratedListBottom ) ) , ( Pair ( 3 , ( 4 , .GeneratedListBottom ) ) , .GeneratedListBottom ) ) )
